Bad input arguments
Usage: labyrinth <input file> <output file>
