Error while reading labyrinth: couldn't open file
