Wrong amount of parameters
Usage: radix <source notation> <destination notation> <value>